#-----------------------------------------------------------
# Webtalk v2021.1 (64-bit)
# SW Build 3247384 on Thu Jun 10 19:36:33 MDT 2021
# IP Build 3246043 on Fri Jun 11 00:30:35 MDT 2021
# Start of session at: Tue Dec  7 20:07:36 2021
# Process ID: 4648
# Current directory: D:/DigitalLogic/1024BitsLargeMultiplication/1024BitsLargeMultiplication.sim/Test_Parallel_TB/impl/func/xsim
# Command line: wbtcv.exe -mode batch -source D:/DigitalLogic/1024BitsLargeMultiplication/1024BitsLargeMultiplication.sim/Test_Parallel_TB/impl/func/xsim/xsim.dir/Test_Parallel_TB_func_impl/webtalk/xsim_webtalk.tcl -notrace
# Log file: D:/DigitalLogic/1024BitsLargeMultiplication/1024BitsLargeMultiplication.sim/Test_Parallel_TB/impl/func/xsim/webtalk.log
# Journal file: D:/DigitalLogic/1024BitsLargeMultiplication/1024BitsLargeMultiplication.sim/Test_Parallel_TB/impl/func/xsim\webtalk.jou
#-----------------------------------------------------------
source D:/DigitalLogic/1024BitsLargeMultiplication/1024BitsLargeMultiplication.sim/Test_Parallel_TB/impl/func/xsim/xsim.dir/Test_Parallel_TB_func_impl/webtalk/xsim_webtalk.tcl -notrace
